
> mvp-simulation-studio@0.0.0 build
> vite build

[36mvite v6.4.1 [32mbuilding for production...[36m[39m
transforming...
[32mÔťô[39m 2 modules transformed.
ÔťŚ Build failed in 494ms
error during build:
[vite:css] [postcss] It looks like you're trying to use `tailwindcss` directly as a PostCSS plugin. The PostCSS plugin has moved to a separate package, so to continue using Tailwind CSS with PostCSS you'll need to install `@tailwindcss/postcss` and update your PostCSS configuration.
file: C:/Users/gera/Desktop/MVP-Simulation-Studio-SlavkoKernel-v7-main/index.html?html-proxy&inline-css&index=0.css:undefined:NaN
    at lt (C:\Users\gera\Desktop\MVP-Simulation-Studio-SlavkoKernel-v7-main\node_modules\tailwindcss\dist\lib.js:38:1643)
    at LazyResult.runOnRoot (C:\Users\gera\Desktop\MVP-Simulation-Studio-SlavkoKernel-v7-main\node_modules\postcss\lib\lazy-result.js:361:16)
    at LazyResult.runAsync (C:\Users\gera\Desktop\MVP-Simulation-Studio-SlavkoKernel-v7-main\node_modules\postcss\lib\lazy-result.js:290:26)
    at LazyResult.async (C:\Users\gera\Desktop\MVP-Simulation-Studio-SlavkoKernel-v7-main\node_modules\postcss\lib\lazy-result.js:192:30)
    at LazyResult.then (C:\Users\gera\Desktop\MVP-Simulation-Studio-SlavkoKernel-v7-main\node_modules\postcss\lib\lazy-result.js:436:17)
    at async runPostCSS (file:///C:/Users/gera/Desktop/MVP-Simulation-Studio-SlavkoKernel-v7-main/node_modules/vite/dist/node/chunks/dep-D4NMHUTW.js:43853:21)
    at async compilePostCSS (file:///C:/Users/gera/Desktop/MVP-Simulation-Studio-SlavkoKernel-v7-main/node_modules/vite/dist/node/chunks/dep-D4NMHUTW.js:43823:18)
    at async compileCSS (file:///C:/Users/gera/Desktop/MVP-Simulation-Studio-SlavkoKernel-v7-main/node_modules/vite/dist/node/chunks/dep-D4NMHUTW.js:43678:27)
    at async Object.handler (file:///C:/Users/gera/Desktop/MVP-Simulation-Studio-SlavkoKernel-v7-main/node_modules/vite/dist/node/chunks/dep-D4NMHUTW.js:42994:11)
    at async transform (file:///C:/Users/gera/Desktop/MVP-Simulation-Studio-SlavkoKernel-v7-main/node_modules/rollup/dist/es/shared/node-entry.js:21234:16)
